(C) holomorphic differentials x^a w^b dx/w^(d-1) on w^d = -F(x): eigenvalue zeta^(b+1) -> count
   d=3: {1: 1, 2: 0}
   d=4: {1: 2, 2: 1, 3: 0}
   d=5: {1: 3, 2: 2, 3: 1, 4: 0}
   d=6: {1: 4, 2: 3, 3: 2, 4: 1, 5: 0}
(A) d=4: L_C = L_{E_F} * L_P and L_P^(N) == (L_{E_i}^(N))^2 for N in {1,2,3,4,6,8,12,24}
   u^4-v^4                      p=5   #C=[8, 44, 104]  L_P=[1, 0, 6, 0, 25]  divisible=True  isogenous-to-E_i^2 over F_{p^N} for N in [2, 4, 6, 8, 12, 24]
   u^4-v^4                      p=13  #C=[8, 140, 2216]  L_P=[1, 0, -10, 0, 169]  divisible=True  isogenous-to-E_i^2 over F_{p^N} for N in [2, 4, 6, 8, 12, 24]
   u^4-v^4                      p=17  #C=[12, 380, 5196]  L_P=[1, -4, 38, -68, 289]  divisible=True  isogenous-to-E_i^2 over F_{p^N} for N in [1, 2, 3, 4, 6, 8, 12, 24]
   u^4-v^4                      p=29  #C=[40, 716, 24520]  L_P=[1, 0, -42, 0, 841]  divisible=True  isogenous-to-E_i^2 over F_{p^N} for N in [2, 4, 6, 8, 12, 24]
   u^4-v^4                      p=37  #C=[40, 1580, 50440]  L_P=[1, 0, 70, 0, 1369]  divisible=True  isogenous-to-E_i^2 over F_{p^N} for N in [2, 4, 6, 8, 12, 24]
   u^4-v^4                      p=3   #C=[4, 28, 28]  L_P=[1, 0, 6, 0, 9]  divisible=True  isogenous-to-E_i^2 over F_{p^N} for N in [1, 2, 3, 4, 6, 8, 12, 24]
   u^4-v^4                      p=7   #C=[8, 92, 344]  L_P=[1, 0, 14, 0, 49]  divisible=True  isogenous-to-E_i^2 over F_{p^N} for N in [1, 2, 3, 4, 6, 8, 12, 24]
   u^4-v^4                      p=11  #C=[12, 188, 1332]  L_P=[1, 0, 22, 0, 121]  divisible=True  isogenous-to-E_i^2 over F_{p^N} for N in [1, 2, 3, 4, 6, 8, 12, 24]
   u^4-v^4                      p=19  #C=[20, 476, 6860]  L_P=[1, 0, 38, 0, 361]  divisible=True  isogenous-to-E_i^2 over F_{p^N} for N in [1, 2, 3, 4, 6, 8, 12, 24]
   u^4-v^4                      p=23  #C=[24, 668, 12168]  L_P=[1, 0, 46, 0, 529]  divisible=True  isogenous-to-E_i^2 over F_{p^N} for N in [1, 2, 3, 4, 6, 8, 12, 24]
   u^4+v^4                      p=5   #C=[0, 44, 192]  L_P=[1, -4, 14, -20, 25]  divisible=True  isogenous-to-E_i^2 over F_{p^N} for N in [2, 4, 6, 8, 12, 24]
   u^4+v^4                      p=13  #C=[32, 140, 2144]  L_P=[1, 12, 62, 156, 169]  divisible=True  isogenous-to-E_i^2 over F_{p^N} for N in [2, 4, 6, 8, 12, 24]
   u^4+v^4                      p=17  #C=[12, 380, 5196]  L_P=[1, -4, 38, -68, 289]  divisible=True  isogenous-to-E_i^2 over F_{p^N} for N in [1, 2, 3, 4, 6, 8, 12, 24]
   u^4+v^4                      p=29  #C=[0, 716, 24000]  L_P=[1, -20, 158, -580, 841]  divisible=True  isogenous-to-E_i^2 over F_{p^N} for N in [2, 4, 6, 8, 12, 24]
   u^4+v^4                      p=37  #C=[32, 1580, 51296]  L_P=[1, -4, 78, -148, 1369]  divisible=True  isogenous-to-E_i^2 over F_{p^N} for N in [2, 4, 6, 8, 12, 24]
   u^4+v^4                      p=3   #C=[4, 28, 28]  L_P=[1, 0, 6, 0, 9]  divisible=True  isogenous-to-E_i^2 over F_{p^N} for N in [1, 2, 3, 4, 6, 8, 12, 24]
   u^4+v^4                      p=7   #C=[8, 92, 344]  L_P=[1, 0, 14, 0, 49]  divisible=True  isogenous-to-E_i^2 over F_{p^N} for N in [1, 2, 3, 4, 6, 8, 12, 24]
   u^4+v^4                      p=11  #C=[12, 188, 1332]  L_P=[1, 0, 22, 0, 121]  divisible=True  isogenous-to-E_i^2 over F_{p^N} for N in [1, 2, 3, 4, 6, 8, 12, 24]
   u^4+v^4                      p=19  #C=[20, 476, 6860]  L_P=[1, 0, 38, 0, 361]  divisible=True  isogenous-to-E_i^2 over F_{p^N} for N in [1, 2, 3, 4, 6, 8, 12, 24]
   u^4+v^4                      p=23  #C=[24, 668, 12168]  L_P=[1, 0, 46, 0, 529]  divisible=True  isogenous-to-E_i^2 over F_{p^N} for N in [1, 2, 3, 4, 6, 8, 12, 24]
   u^3v-uv^3                    p=5   #C=[8, 44, 104]  L_P=[1, 0, 6, 0, 25]  divisible=True  isogenous-to-E_i^2 over F_{p^N} for N in [2, 4, 6, 8, 12, 24]
   u^3v-uv^3                    p=13  #C=[8, 140, 2216]  L_P=[1, 0, -10, 0, 169]  divisible=True  isogenous-to-E_i^2 over F_{p^N} for N in [2, 4, 6, 8, 12, 24]
   u^3v-uv^3                    p=17  #C=[20, 380, 4820]  L_P=[1, 4, 38, 68, 289]  divisible=True  isogenous-to-E_i^2 over F_{p^N} for N in [2, 4, 6, 8, 12, 24]
   u^3v-uv^3                    p=29  #C=[40, 716, 24520]  L_P=[1, 0, -42, 0, 841]  divisible=True  isogenous-to-E_i^2 over F_{p^N} for N in [2, 4, 6, 8, 12, 24]
   u^3v-uv^3                    p=37  #C=[40, 1580, 50440]  L_P=[1, 0, 70, 0, 1369]  divisible=True  isogenous-to-E_i^2 over F_{p^N} for N in [2, 4, 6, 8, 12, 24]
   u^3v-uv^3                    p=3   #C=[4, 4, 28]  L_P=[1, 0, -6, 0, 9]  divisible=True  isogenous-to-E_i^2 over F_{p^N} for N in [4, 8, 12, 24]
   u^3v-uv^3                    p=7   #C=[8, 92, 344]  L_P=[1, 0, 14, 0, 49]  divisible=True  isogenous-to-E_i^2 over F_{p^N} for N in [1, 2, 3, 4, 6, 8, 12, 24]
   u^3v-uv^3                    p=11  #C=[12, 100, 1332]  L_P=[1, 0, -22, 0, 121]  divisible=True  isogenous-to-E_i^2 over F_{p^N} for N in [4, 8, 12, 24]
   u^3v-uv^3                    p=19  #C=[20, 324, 6860]  L_P=[1, 0, -38, 0, 361]  divisible=True  isogenous-to-E_i^2 over F_{p^N} for N in [4, 8, 12, 24]
   u^3v-uv^3                    p=23  #C=[24, 668, 12168]  L_P=[1, 0, 46, 0, 529]  divisible=True  isogenous-to-E_i^2 over F_{p^N} for N in [1, 2, 3, 4, 6, 8, 12, 24]
   u^4+uv^3 (j=0)               p=5   #C=[6, 20, 126]  L_P=[1, 0, -8, 0, 25]  divisible=True  isogenous-to-E_i^2 over F_{p^N} for N in [8, 24]
   u^4+uv^3 (j=0)               p=13  #C=[4, 212, 2452]  L_P=[1, -8, 42, -104, 169]  divisible=True  isogenous-to-E_i^2 over F_{p^N} for N in [4, 8, 12, 24]
   u^4+uv^3 (j=0)               p=17  #C=[18, 356, 4914]  L_P=[1, 0, 16, 0, 289]  divisible=True  isogenous-to-E_i^2 over F_{p^N} for N in [8, 24]
   u^4+uv^3 (j=0)               p=29  #C=[30, 980, 24390]  L_P=[1, 0, 40, 0, 841]  divisible=True  isogenous-to-E_i^2 over F_{p^N} for N in [8, 24]
   u^4+uv^3 (j=0)               p=37  #C=[52, 1484, 50116]  L_P=[1, 4, 78, 148, 1369]  divisible=True  isogenous-to-E_i^2 over F_{p^N} for N in [1, 2, 3, 4, 6, 8, 12, 24]
   u^4+uv^3 (j=0)               p=7   #C=[4, 20, 364]  L_P=[1, 0, -14, 0, 49]  divisible=True  isogenous-to-E_i^2 over F_{p^N} for N in [4, 8, 12, 24]
   u^4+uv^3 (j=0)               p=11  #C=[12, 188, 1332]  L_P=[1, 0, 22, 0, 121]  divisible=True  isogenous-to-E_i^2 over F_{p^N} for N in [1, 2, 3, 4, 6, 8, 12, 24]
   u^4+uv^3 (j=0)               p=19  #C=[28, 260, 6916]  L_P=[1, 0, -38, 0, 361]  divisible=True  isogenous-to-E_i^2 over F_{p^N} for N in [4, 8, 12, 24]
   u^4+uv^3 (j=0)               p=23  #C=[24, 668, 12168]  L_P=[1, 0, 46, 0, 529]  divisible=True  isogenous-to-E_i^2 over F_{p^N} for N in [1, 2, 3, 4, 6, 8, 12, 24]
   u^4+u^2v^2+v^4               p=5   #C=[0, 20, 96]  L_P=[1, -8, 26, -40, 25]  divisible=True  isogenous-to-E_i^2 over F_{p^N} for N in [4, 8, 12, 24]
   u^4+u^2v^2+v^4               p=13  #C=[4, 172, 2164]  L_P=[1, -12, 62, -156, 169]  divisible=True  isogenous-to-E_i^2 over F_{p^N} for N in [1, 2, 3, 4, 6, 8, 12, 24]
   u^4+u^2v^2+v^4               p=17  #C=[32, 260, 5216]  L_P=[1, 16, 98, 272, 289]  divisible=True  isogenous-to-E_i^2 over F_{p^N} for N in [4, 8, 12, 24]
   u^4+u^2v^2+v^4               p=29  #C=[32, 948, 24128]  L_P=[1, 8, 74, 232, 841]  divisible=True  isogenous-to-E_i^2 over F_{p^N} for N in [4, 8, 12, 24]
   u^4+u^2v^2+v^4               p=37  #C=[28, 1548, 51532]  L_P=[1, -4, 78, -148, 1369]  divisible=True  isogenous-to-E_i^2 over F_{p^N} for N in [2, 4, 6, 8, 12, 24]
   u^4+u^2v^2+v^4               p=7   #C=[8, 92, 344]  L_P=[1, 0, 14, 0, 49]  divisible=True  isogenous-to-E_i^2 over F_{p^N} for N in [1, 2, 3, 4, 6, 8, 12, 24]
   u^4+u^2v^2+v^4               p=11  #C=[8, 172, 1400]  L_P=[1, 0, 22, 0, 121]  divisible=True  isogenous-to-E_i^2 over F_{p^N} for N in [1, 2, 3, 4, 6, 8, 12, 24]
   u^4+u^2v^2+v^4               p=19  #C=[24, 460, 6696]  L_P=[1, 0, 38, 0, 361]  divisible=True  isogenous-to-E_i^2 over F_{p^N} for N in [1, 2, 3, 4, 6, 8, 12, 24]
   u^4+u^2v^2+v^4               p=23  #C=[32, 604, 12128]  L_P=[1, 0, 46, 0, 529]  divisible=True  isogenous-to-E_i^2 over F_{p^N} for N in [1, 2, 3, 4, 6, 8, 12, 24]
   u^4-3u^2v^2+v^4 (a=-3)       p=13  #C=[8, 212, 2312]  L_P=[1, -8, 42, -104, 169]  divisible=True  isogenous-to-E_i^2 over F_{p^N} for N in [4, 8, 12, 24]
   u^4-3u^2v^2+v^4 (a=-3)       p=17  #C=[32, 260, 5216]  L_P=[1, 16, 98, 272, 289]  divisible=True  isogenous-to-E_i^2 over F_{p^N} for N in [4, 8, 12, 24]
   u^4-3u^2v^2+v^4 (a=-3)       p=29  #C=[52, 812, 24484]  L_P=[1, 20, 158, 580, 841]  divisible=True  isogenous-to-E_i^2 over F_{p^N} for N in [1, 2, 3, 4, 6, 8, 12, 24]
   u^4-3u^2v^2+v^4 (a=-3)       p=37  #C=[8, 1268, 50312]  L_P=[1, -24, 218, -888, 1369]  divisible=True  isogenous-to-E_i^2 over F_{p^N} for N in [4, 8, 12, 24]
   u^4-3u^2v^2+v^4 (a=-3)       p=3   #C=[4, 28, 28]  L_P=[1, 0, 6, 0, 9]  divisible=True  isogenous-to-E_i^2 over F_{p^N} for N in [1, 2, 3, 4, 6, 8, 12, 24]
   u^4-3u^2v^2+v^4 (a=-3)       p=7   #C=[12, 76, 324]  L_P=[1, 0, 14, 0, 49]  divisible=True  isogenous-to-E_i^2 over F_{p^N} for N in [1, 2, 3, 4, 6, 8, 12, 24]
   u^4-3u^2v^2+v^4 (a=-3)       p=11  #C=[8, 172, 1400]  L_P=[1, 0, 22, 0, 121]  divisible=True  isogenous-to-E_i^2 over F_{p^N} for N in [1, 2, 3, 4, 6, 8, 12, 24]
   u^4-3u^2v^2+v^4 (a=-3)       p=19  #C=[16, 460, 7024]  L_P=[1, 0, 38, 0, 361]  divisible=True  isogenous-to-E_i^2 over F_{p^N} for N in [1, 2, 3, 4, 6, 8, 12, 24]
   u^4-3u^2v^2+v^4 (a=-3)       p=23  #C=[20, 652, 12380]  L_P=[1, 0, 46, 0, 529]  divisible=True  isogenous-to-E_i^2 over F_{p^N} for N in [1, 2, 3, 4, 6, 8, 12, 24]
   v(u^3+4u^2v+2uv^2) (j=8000)  p=5   #C=[6, 52, 126]  L_P=[1, 0, 8, 0, 25]  divisible=True  isogenous-to-E_i^2 over F_{p^N} for N in [8, 24]
   v(u^3+4u^2v+2uv^2) (j=8000)  p=13  #C=[14, 148, 2198]  L_P=[1, 0, -24, 0, 169]  divisible=True  isogenous-to-E_i^2 over F_{p^N} for N in [8, 24]
   v(u^3+4u^2v+2uv^2) (j=8000)  p=17  #C=[24, 348, 4824]  L_P=[1, 0, 30, 0, 289]  divisible=True  isogenous-to-E_i^2 over F_{p^N} for N in [2, 4, 6, 8, 12, 24]
   v(u^3+4u^2v+2uv^2) (j=8000)  p=29  #C=[30, 980, 24390]  L_P=[1, 0, 40, 0, 841]  divisible=True  isogenous-to-E_i^2 over F_{p^N} for N in [8, 24]
   v(u^3+4u^2v+2uv^2) (j=8000)  p=37  #C=[38, 1396, 50654]  L_P=[1, 0, -24, 0, 1369]  divisible=True  isogenous-to-E_i^2 over F_{p^N} for N in [8, 24]
   v(u^3+4u^2v+2uv^2) (j=8000)  p=3   #C=[2, 12, 38]  L_P=[1, 0, 0, 0, 9]  divisible=True  isogenous-to-E_i^2 over F_{p^N} for N in [8, 24]
   v(u^3+4u^2v+2uv^2) (j=8000)  p=7   #C=[8, 92, 344]  L_P=[1, 0, 14, 0, 49]  divisible=True  isogenous-to-E_i^2 over F_{p^N} for N in [1, 2, 3, 4, 6, 8, 12, 24]
   v(u^3+4u^2v+2uv^2) (j=8000)  p=11  #C=[6, 108, 1314]  L_P=[1, 0, 0, 0, 121]  divisible=True  isogenous-to-E_i^2 over F_{p^N} for N in [8, 24]
   v(u^3+4u^2v+2uv^2) (j=8000)  p=19  #C=[18, 396, 6966]  L_P=[1, 0, 0, 0, 361]  divisible=True  isogenous-to-E_i^2 over F_{p^N} for N in [8, 24]
   v(u^3+4u^2v+2uv^2) (j=8000)  p=23  #C=[24, 668, 12168]  L_P=[1, 0, 46, 0, 529]  divisible=True  isogenous-to-E_i^2 over F_{p^N} for N in [1, 2, 3, 4, 6, 8, 12, 24]
   random1                      p=5   #C=[14, 32, 86]  L_P=[1, 6, 18, 30, 25]  divisible=True  isogenous-to-E_i^2 over F_{p^N} for N in [4, 8, 12, 24]
   random1                      p=13  #C=[9, 205, 2124]  L_P=[1, -6, 23, -78, 169]  divisible=True  isogenous-to-E_i^2 over F_{p^N} for N in [6, 12, 24]
   random1                      p=17  #C=[13, 285, 4852]  L_P=[1, -2, -13, -34, 289]  divisible=True  isogenous-to-E_i^2 over F_{p^N} for N in [6, 12, 24]
   random1                      p=29  #C=[8, 836, 24728]  L_P=[1, -14, 98, -406, 841]  divisible=True  isogenous-to-E_i^2 over F_{p^N} for N in [4, 8, 12, 24]
   random1                      p=37  #C=[32, 1428, 49664]  L_P=[1, -10, 50, -370, 1369]  divisible=True  isogenous-to-E_i^2 over F_{p^N} for N in [4, 8, 12, 24]
   random1                      p=3   #C=[4, 16, 28]  L_P=[1, 0, 0, 0, 9]  divisible=True  isogenous-to-E_i^2 over F_{p^N} for N in [8, 24]
   random1                      p=7   #C=[8, 92, 344]  L_P=[1, 0, 14, 0, 49]  divisible=True  isogenous-to-E_i^2 over F_{p^N} for N in [1, 2, 3, 4, 6, 8, 12, 24]
   random1                      p=11  #C=[15, 157, 1260]  L_P=[1, 0, 11, 0, 121]  divisible=True  isogenous-to-E_i^2 over F_{p^N} for N in [12, 24]
   random1                      p=19  #C=[19, 437, 6916]  L_P=[1, 0, 19, 0, 361]  divisible=True  isogenous-to-E_i^2 over F_{p^N} for N in [12, 24]
   random1                      p=23  #C=[24, 668, 12168]  L_P=[1, 0, 46, 0, 529]  divisible=True  isogenous-to-E_i^2 over F_{p^N} for N in [1, 2, 3, 4, 6, 8, 12, 24]
   random2                      p=13  #C=[17, 197, 2324]  L_P=[1, 6, 23, 78, 169]  divisible=True  isogenous-to-E_i^2 over F_{p^N} for N in [3, 6, 12, 24]
   random2                      p=17  #C=[5, 329, 5252]  L_P=[1, -8, 47, -136, 289]  divisible=True  isogenous-to-E_i^2 over F_{p^N} for N in [12, 24]
   random2                      p=29  #C=[22, 864, 24238]  L_P=[1, -14, 98, -406, 841]  divisible=True  isogenous-to-E_i^2 over F_{p^N} for N in [4, 8, 12, 24]
   random2                      p=37  #C=[30, 1428, 51030]  L_P=[1, 0, 24, 0, 1369]  divisible=True  isogenous-to-E_i^2 over F_{p^N} for N in [8, 24]
   random2                      p=3   #C=[5, 21, 20]  L_P=[1, 0, 3, 0, 9]  divisible=True  isogenous-to-E_i^2 over F_{p^N} for N in [12, 24]
   random2                      p=7   #C=[6, 60, 378]  L_P=[1, 0, 0, 0, 49]  divisible=True  isogenous-to-E_i^2 over F_{p^N} for N in [8, 24]
   random2                      p=11  #C=[13, 165, 1300]  L_P=[1, 0, 11, 0, 121]  divisible=True  isogenous-to-E_i^2 over F_{p^N} for N in [12, 24]
   random2                      p=19  #C=[26, 440, 6734]  L_P=[1, 0, 38, 0, 361]  divisible=True  isogenous-to-E_i^2 over F_{p^N} for N in [1, 2, 3, 4, 6, 8, 12, 24]
   random2                      p=23  #C=[20, 652, 12380]  L_P=[1, 0, 46, 0, 529]  divisible=True  isogenous-to-E_i^2 over F_{p^N} for N in [1, 2, 3, 4, 6, 8, 12, 24]
   random3                      p=13  #C=[8, 140, 2216]  L_P=[1, 0, -10, 0, 169]  divisible=True  isogenous-to-E_i^2 over F_{p^N} for N in [2, 4, 6, 8, 12, 24]
   random3                      p=17  #C=[24, 348, 4824]  L_P=[1, 0, 30, 0, 289]  divisible=True  isogenous-to-E_i^2 over F_{p^N} for N in [2, 4, 6, 8, 12, 24]
   random3                      p=29  #C=[28, 980, 24556]  L_P=[1, 0, 42, 0, 841]  divisible=True  isogenous-to-E_i^2 over F_{p^N} for N in [4, 8, 12, 24]
   random3                      p=37  #C=[48, 1204, 50544]  L_P=[1, 0, -70, 0, 1369]  divisible=True  isogenous-to-E_i^2 over F_{p^N} for N in [4, 8, 12, 24]
   random3                      p=7   #C=[4, 76, 364]  L_P=[1, 0, 14, 0, 49]  divisible=True  isogenous-to-E_i^2 over F_{p^N} for N in [1, 2, 3, 4, 6, 8, 12, 24]
   random3                      p=11  #C=[12, 188, 1332]  L_P=[1, 0, 22, 0, 121]  divisible=True  isogenous-to-E_i^2 over F_{p^N} for N in [1, 2, 3, 4, 6, 8, 12, 24]
   random3                      p=19  #C=[22, 472, 6754]  L_P=[1, 0, 38, 0, 361]  divisible=True  isogenous-to-E_i^2 over F_{p^N} for N in [1, 2, 3, 4, 6, 8, 12, 24]
   random4                      p=5   #C=[10, 36, 130]  L_P=[1, 0, 8, 0, 25]  divisible=True  isogenous-to-E_i^2 over F_{p^N} for N in [8, 24]
   random4                      p=13  #C=[21, 205, 2196]  L_P=[1, 6, 23, 78, 169]  divisible=True  isogenous-to-E_i^2 over F_{p^N} for N in [3, 6, 12, 24]
   random4                      p=17  #C=[20, 352, 4820]  L_P=[1, 0, 16, 0, 289]  divisible=True  isogenous-to-E_i^2 over F_{p^N} for N in [8, 24]
   random4                      p=29  #C=[29, 849, 23588]  L_P=[1, -4, -13, -116, 841]  divisible=True  isogenous-to-E_i^2 over F_{p^N} for N in [12, 24]
   random4                      p=37  #C=[29, 1253, 50972]  L_P=[1, 2, -33, 74, 1369]  divisible=True  isogenous-to-E_i^2 over F_{p^N} for N in [6, 12, 24]
   random4                      p=7   #C=[11, 69, 308]  L_P=[1, 0, 7, 0, 49]  divisible=True  isogenous-to-E_i^2 over F_{p^N} for N in [12, 24]
   random4                      p=11  #C=[15, 157, 1260]  L_P=[1, 0, 11, 0, 121]  divisible=True  isogenous-to-E_i^2 over F_{p^N} for N in [12, 24]
   random4                      p=19  #C=[19, 437, 6916]  L_P=[1, 0, 19, 0, 361]  divisible=True  isogenous-to-E_i^2 over F_{p^N} for N in [12, 24]
   random4                      p=23  #C=[22, 664, 12298]  L_P=[1, 0, 46, 0, 529]  divisible=True  isogenous-to-E_i^2 over F_{p^N} for N in [1, 2, 3, 4, 6, 8, 12, 24]
(B) valuations of det(Frob|W_j) at the primes above p (one column per prime), j = 1..d-1
   d=4 u^4+v^4    p=5   dimW=2  j=1:[2, 0]  j=2:[1, 1]  j=3:[0, 2]
   d=4 u^4+v^4    p=13  dimW=2  j=1:[0, 2]  j=2:[1, 1]  j=3:[2, 0]
   d=4 random1    p=13  dimW=2  j=1:[0, 2]  j=2:[1, 1]  j=3:[2, 0]
   d=4 random1    p=17  dimW=2  j=1:[0, 2]  j=2:[1, 1]  j=3:[2, 0]
   d=4 u^4+uv^3   p=13  dimW=2  j=1:[0, 2]  j=2:[1, 1]  j=3:[2, 0]
   d=5 quintic A  p=11  dimW=3  j=1:[0, 3, 2, 1]  j=2:[1, 2, 0, 3]  j=3:[2, 1, 3, 0]  j=4:[3, 0, 1, 2]
   d=5 quintic A  p=31  dimW=3  j=1:[0, 1, 2, 3]  j=2:[1, 3, 0, 2]  j=3:[2, 0, 3, 1]  j=4:[3, 2, 1, 0]
   d=5 quintic B  p=11  dimW=3  j=1:[0, 3, 2, 1]  j=2:[1, 2, 0, 3]  j=3:[2, 1, 3, 0]  j=4:[3, 0, 1, 2]
   skip sextic A p=7 (bad reduction)
   d=6 sextic A   p=13  dimW=4  j=1:[4, 0]  j=2:[3, 1]  j=3:[2, 2]  j=4:[1, 3]  j=5:[0, 4]
