control matches (p, F, which, p mod 4, E_w frob field, nonCM-ctrl frob field):
   (3, 'u4+v4', '', 'nonCM2', 'p%4=3', 'Ew:supersingular', 'ctrl:supersingular')
   (3, 'u4-v4', '', 'nonCM2', 'p%4=3', 'Ew:supersingular', 'ctrl:supersingular')
   (3, 'u3v-uv3', '', 'nonCM2', 'p%4=3', 'Ew:supersingular', 'ctrl:supersingular')
   (3, 'v(u3+u2v+5uv2+7v3)', '', 'nonCM2', 'p%4=3', 'Ew:supersingular', 'ctrl:supersingular')
   (3, 'rand0', '', 'nonCM2', 'p%4=3', 'Ew:supersingular', 'ctrl:supersingular')
   (3, 'rand1', '', 'nonCM2', 'p%4=3', 'Ew:supersingular', 'ctrl:supersingular')
   (3, 'rand4', '', 'nonCM2', 'p%4=3', 'Ew:supersingular', 'ctrl:supersingular')
   (3, 'rand5', '', 'nonCM2', 'p%4=3', 'Ew:supersingular', 'ctrl:supersingular')
   (5, 'u4+v4', '', 'nonCM2', 'p%4=1', 'Ew:supersingular', 'ctrl:Q(i)')
   (5, 'u4-v4', '', 'nonCM2', 'p%4=1', 'Ew:supersingular', 'ctrl:Q(i)')
   (5, 'u3v-uv3', '', 'nonCM2', 'p%4=1', 'Ew:supersingular', 'ctrl:Q(i)')
   (5, 'u4+uv3', '', 'nonCM2', 'p%4=1', 'Ew:supersingular', 'ctrl:Q(i)')
   (5, 'u4+2u2v2+3v4', '', 'nonCM2', 'p%4=1', 'Ew:supersingular', 'ctrl:Q(i)')
   (5, 'v(u3+u2v+5uv2+7v3)', '', 'nonCM2', 'p%4=1', 'Ew:supersingular', 'ctrl:Q(i)')
   (5, 'rand0', '', 'nonCM2', 'p%4=1', 'Ew:supersingular', 'ctrl:Q(i)')
   (5, 'rand3', '', 'nonCM2', 'p%4=1', 'Ew:supersingular', 'ctrl:Q(i)')
   (5, 'rand4', '', 'nonCM2', 'p%4=1', 'Ew:supersingular', 'ctrl:Q(i)')
   (5, 'rand5', '', 'nonCM2', 'p%4=1', 'Ew:supersingular', 'ctrl:Q(i)')
   (11, 'u4+v4', 'Ew2', '', 'p%4=3', 'Ew:supersingular', 'ctrl:other')
   (11, 'u4-v4', 'Ew2', '', 'p%4=3', 'Ew:supersingular', 'ctrl:other')
   (11, 'u3v-uv3', 'Ew2', '', 'p%4=3', 'Ew:supersingular', 'ctrl:other')
   (11, 'u4+uv3', 'Ew2', '', 'p%4=3', 'Ew:supersingular', 'ctrl:other')
   (11, 'u4+2u2v2+3v4', 'Ew2', '', 'p%4=3', 'Ew:supersingular', 'ctrl:other')
   (11, 'v(u3+u2v+5uv2+7v3)', 'Ew2', '', 'p%4=3', 'Ew:supersingular', 'ctrl:other')
   (11, 'rand0', 'Ew2', '', 'p%4=3', 'Ew:supersingular', 'ctrl:other')
   (11, 'rand1', 'Ew2', '', 'p%4=3', 'Ew:supersingular', 'ctrl:other')
   (11, 'rand2', 'Ew2', '', 'p%4=3', 'Ew:supersingular', 'ctrl:other')
   (11, 'rand3', 'Ew2', '', 'p%4=3', 'Ew:supersingular', 'ctrl:other')
   (11, 'rand4', 'Ew2', '', 'p%4=3', 'Ew:supersingular', 'ctrl:other')
   (11, 'rand5', 'Ew2', '', 'p%4=3', 'Ew:supersingular', 'ctrl:other')
   (23, 'u4+v4', 'Ew2', '', 'p%4=3', 'Ew:supersingular', 'ctrl:other')
   (23, 'u4-v4', 'Ew2', '', 'p%4=3', 'Ew:supersingular', 'ctrl:other')
   (23, 'u3v-uv3', 'Ew2', '', 'p%4=3', 'Ew:supersingular', 'ctrl:other')
   (23, 'u4+uv3', 'Ew2', '', 'p%4=3', 'Ew:supersingular', 'ctrl:other')
   (23, 'u4+2u2v2+3v4', 'Ew2', '', 'p%4=3', 'Ew:supersingular', 'ctrl:other')
   (23, 'rand0', 'Ew2', '', 'p%4=3', 'Ew:supersingular', 'ctrl:other')
   (23, 'rand1', 'Ew2', '', 'p%4=3', 'Ew:supersingular', 'ctrl:other')
   (23, 'rand3', 'Ew2', '', 'p%4=3', 'Ew:supersingular', 'ctrl:other')
   (23, 'rand4', 'Ew2', '', 'p%4=3', 'Ew:supersingular', 'ctrl:other')
   (23, 'rand5', 'Ew2', '', 'p%4=3', 'Ew:supersingular', 'ctrl:other')
unexplained control matches: []
d3 control matches all at p = 11 mod 12 (both E_i, E_w supersingular): True
